[
  {
    kind: "markdownContent",
    content: {
      value: "some code\nover\nmultiple lines <ProX-Code_annotation details='%5B%7B%22title%22%3A%22title%22%2C%22description%22%3A%22vuln%22%7D%5D'>content with vuln\nand\nnewlines</ProX-Code_annotation>more code\nwith newline",
      isTrusted: false,
      supportThemeIcons: false,
      supportHtml: false,
      baseUri: undefined
    }
  }
]